[demo.htmlcodex.com/709/resume-website-template/index.html]
[backblue.gif]
[fade.gif]
[index.html]
[demo.htmlcodex.com/709/resume-website-template/img/favicon.ico]
[stackpath.bootstrapcdn.com/bootstrap/4.4.1/css/bootstrap.min.css]
[cdnjs.cloudflare.com/ajax/libs/font-awesome/5.10.0/css/all.min.css]
[demo.htmlcodex.com/709/resume-website-template/lib/slick/slick.css]
[demo.htmlcodex.com/709/resume-website-template/lib/slick/slick-theme.css]
[demo.htmlcodex.com/709/resume-website-template/lib/lightbox/css/lightbox.min.css]
[demo.htmlcodex.com/709/resume-website-template/css/style.css]
[demo.htmlcodex.com/709/resume-website-template/img/profile.jpg]
[demo.htmlcodex.com/709/resume-website-template/img/about.jpg]
[demo.htmlcodex.com/709/resume-website-template/img/portfolio-1.jpg]
[demo.htmlcodex.com/709/resume-website-template/img/portfolio-2.jpg]
[demo.htmlcodex.com/709/resume-website-template/img/portfolio-3.jpg]
[demo.htmlcodex.com/709/resume-website-template/img/portfolio-4.jpg]
[demo.htmlcodex.com/709/resume-website-template/img/portfolio-5.jpg]
[demo.htmlcodex.com/709/resume-website-template/img/portfolio-6.jpg]
[demo.htmlcodex.com/709/resume-website-template/img/review-1.jpg]
[demo.htmlcodex.com/709/resume-website-template/img/review-2.jpg]
[demo.htmlcodex.com/709/resume-website-template/img/review-3.jpg]
[demo.htmlcodex.com/cdn-cgi/scripts/5c5dd728/cloudflare-static/email-decode.min.js]
[stackpath.bootstrapcdn.com/bootstrap/4.4.1/js/bootstrap.bundle.min.js]
[code.jquery.com/jquery-3.4.1.min.js]
[demo.htmlcodex.com/709/resume-website-template/lib/easing/easing.min.js]
[demo.htmlcodex.com/709/resume-website-template/lib/slick/slick.min.js]
[demo.htmlcodex.com/709/resume-website-template/lib/typed/typed.min.js]
[demo.htmlcodex.com/709/resume-website-template/lib/waypoints/waypoints.min.js]
[demo.htmlcodex.com/709/resume-website-template/lib/isotope/isotope.pkgd.min.js]
[demo.htmlcodex.com/709/resume-website-template/lib/lightbox/js/lightbox.min.js]
[demo.htmlcodex.com/709/resume-website-template/js/main.js]
[demo.htmlcodex.com/709/resume-website-template/index.html]
[demo.htmlcodex.com/709/resume-website-template/img/favicon.html]
[stackpath.bootstrapcdn.com/bootstrap/4.4.1/css/bootstrap.min.css]
[cdnjs.cloudflare.com/ajax/libs/font-awesome/5.10.0/css/all.min.css]
[demo.htmlcodex.com/709/resume-website-template/lib/slick/slick.css]
[demo.htmlcodex.com/cdn-cgi/scripts/7d0fa10a/cloudflare-static/rocket-loader.min.js]
[demo.htmlcodex.com/709/resume-website-template/lib/slick/ajax-loader.gif]
[demo.htmlcodex.com/709/resume-website-template/lib/slick/fonts/slick.eot]
[demo.htmlcodex.com/709/resume-website-template/lib/slick/fonts/slickd41d.eot]
[demo.htmlcodex.com/709/resume-website-template/lib/slick/fonts/slick.woff]
[demo.htmlcodex.com/709/resume-website-template/lib/slick/fonts/slick.ttf]
[demo.htmlcodex.com/709/resume-website-template/lib/slick/slick-theme.css]
[demo.htmlcodex.com/709/resume-website-template/lib/slick/fonts/slick.svg]
[demo.htmlcodex.com/709/resume-website-template/lib/lightbox/images/loading.gif]
[demo.htmlcodex.com/709/resume-website-template/lib/lightbox/css/lightbox.min.css]
[demo.htmlcodex.com/709/resume-website-template/img/profile.png]
[demo.htmlcodex.com/709/resume-website-template/img/quote.png]
[demo.htmlcodex.com/709/resume-website-template/css/style.css]
[demo.htmlcodex.com/709/resume-website-template/lib/slick/fonts/slick.svg]
